--------------------------------------------------------------------------------
Release 14.5 Trace  (nt64)
Copyright (c) 1995-2012 Xilinx, Inc.  All rights reserved.

C:\Xilinx\14.5\ISE_DS\ISE\bin\nt64\unwrapped\trce.exe -filter
D:/Libraries/EE/FPGA/Basys 2/vgaText/iseconfig/filter.filter -intstyle ise -v 3
-s 4 -n 3 -fastpaths -xml vgaText_top.twx vgaText_top.ncd -o vgaText_top.twr
vgaText_top.pcf -ucf constraints.ucf

Design file:              vgaText_top.ncd
Physical constraint file: vgaText_top.pcf
Device,package,speed:     xc3s250e,cp132,-4 (PRODUCTION 1.27 2013-03-26)
Report level:             verbose report

Environment Variable      Effect 
--------------------      ------ 
NONE                      No environment variables were set
--------------------------------------------------------------------------------

INFO:Timing:2698 - No timing constraints found, doing default enumeration.
INFO:Timing:3412 - To improve timing, see the Timing Closure User Guide (UG612).
INFO:Timing:2752 - To get complete path coverage, use the unconstrained paths 
   option. All paths that are not constrained will be reported in the 
   unconstrained paths section(s) of the report.
INFO:Timing:3339 - The clock-to-out numbers in this timing report are based on 
   a 50 Ohm transmission line loading model.  For the details of this model, 
   and for more information on accounting for different loading conditions, 
   please see the device datasheet.
INFO:Timing:3390 - This architecture does not support a default System Jitter 
   value, please add SYSTEM_JITTER constraint to the UCF to modify the Clock 
   Uncertainty calculation.
INFO:Timing:3389 - This architecture does not support 'Discrete Jitter' and 
   'Phase Error' calculations, these terms will be zero in the Clock 
   Uncertainty calculation.  Please make appropriate modification to 
   SYSTEM_JITTER to account for the unsupported Discrete Jitter and Phase 
   Error.



Data Sheet report:
-----------------
All values displayed in nanoseconds (ns)

Setup/Hold to clock clk
------------+------------+------------+------------------+--------+
            |Max Setup to|Max Hold to |                  | Clock  |
Source      | clk (edge) | clk (edge) |Internal Clock(s) | Phase  |
------------+------------+------------+------------------+--------+
reset       |    5.136(R)|   -0.500(R)|clk_BUFGP         |   0.000|
------------+------------+------------+------------------+--------+

Clock clk to Pad
------------+------------+------------------+--------+
            | clk (edge) |                  | Clock  |
Destination |   to PAD   |Internal Clock(s) | Phase  |
------------+------------+------------------+--------+
Blue<1>     |   11.933(R)|clk_BUFGP         |   0.000|
Blue<2>     |   11.916(R)|clk_BUFGP         |   0.000|
Green<0>    |   12.174(R)|clk_BUFGP         |   0.000|
Green<1>    |   12.152(R)|clk_BUFGP         |   0.000|
Green<2>    |   11.920(R)|clk_BUFGP         |   0.000|
Red<0>      |   13.437(R)|clk_BUFGP         |   0.000|
Red<1>      |   13.191(R)|clk_BUFGP         |   0.000|
Red<2>      |   12.401(R)|clk_BUFGP         |   0.000|
hsync       |   11.389(R)|clk_BUFGP         |   0.000|
vsync       |   12.353(R)|clk_BUFGP         |   0.000|
------------+------------+------------------+--------+

Clock to Setup on destination clock clk
---------------+---------+---------+---------+---------+
               | Src:Rise| Src:Fall| Src:Rise| Src:Fall|
Source Clock   |Dest:Rise|Dest:Rise|Dest:Fall|Dest:Fall|
---------------+---------+---------+---------+---------+
clk            |   10.295|         |         |         |
---------------+---------+---------+---------+---------+


Analysis completed Mon Jul 15 15:19:54 2013 
--------------------------------------------------------------------------------

Trace Settings:
-------------------------
Trace Settings 

Peak Memory Usage: 228 MB



